// Jest Snapshot v1, https://goo.gl/fbAQLP

exports[`<Signin/> renders and matches snapshot 1`] = `
<form
  className="login-form sc-bwzfXH ipuXRf"
  method="post"
  onSubmit={[Function]}
>
  <fieldset
    aria-busy={false}
    disabled={false}
  >
    <h2>
      Sign In
    </h2>
    <ErrorMessage
      error={Object {}}
    />
    <label
      htmlFor="email"
    >
      Email
      <input
        name="email"
        onChange={[Function]}
        placeholder="email"
        type="email"
        value=""
      />
    </label>
    <label
      htmlFor="password"
    >
      Password
      <input
        name="password"
        onChange={[Function]}
        placeholder="password"
        type="password"
        value=""
      />
    </label>
    <button
      type="submit"
    >
      Sign In!
    </button>
  </fieldset>
  <Link
    replace={false}
    style={
      Object {
        "textDecoration": "none",
      }
    }
    to="/signup"
  >
    <a
      href="/signup"
      onClick={[Function]}
      style={
        Object {
          "textDecoration": "none",
        }
      }
    >
      <button
        style={
          Object {
            "margin": "0 auto",
            "marginTop": "10px",
            "width": "80%",
          }
        }
      >
        Sign Up
      </button>
    </a>
  </Link>
  <Link
    replace={false}
    style={
      Object {
        "textDecoration": "none",
      }
    }
    to="/request_reset"
  >
    <a
      href="/request_reset"
      onClick={[Function]}
      style={
        Object {
          "textDecoration": "none",
        }
      }
    >
      <button
        style={
          Object {
            "margin": "0 auto",
            "marginTop": "10px",
            "textDecoration": "none",
            "width": "70%",
          }
        }
      >
        Forgot Password?
      </button>
    </a>
  </Link>
</form>
`;
